OUT:
Buildfile: [TestData]/build.xml

build:
[kotlin2js] Compiling [[TestData]/root1] => [[Temp]/out.js]
[kotlin2js] debug: compiling source files: [TestData]/root1/foo.kt
[kotlin2js] progress: analyzing file: foo.kt
[kotlin2js] progress: generating JavaScript: foo.kt
[kotlin2js] progress: inlining functions
[kotlin2js] progress: writing JavaScript
[kotlin2js] output: output:
[kotlin2js] [Temp]/out.js
[kotlin2js] Sources:
[kotlin2js] [TestData]/root1/foo.kt

BUILD SUCCESSFUL
Total time: [time]

Return code: 0
